name,age,num_cars
"Vincent Vega",38,1
"Jules",41,1
"Mia",34,1
"Marsellus",45,5
"Mr. Wolf",56,1