L_RETURNFLAG,L_LINESTATUS,SUM_QTY,SUM_BASE_PRICE,SUM_DISC_PRICE,SUM_CHARGE,AVG_QTY,AVG_PRICE,AVG_DISC,COUNT_ORDER
A,F,3774200,5320753880.68998,5054096266.68283,5256751331.44927,25.537587116855,36002.123829014,0.0501445970634545,147790
N,F,95257,133737795.84,127132372.6512,132286291.229445,25.3006640106242,35521.3269163346,0.0493944223107573,3765
N,O,7459297,10512270008.8999,9986238338.38477,10385578376.5855,25.5455376712329,36000.9246880134,0.0500959589041849,292000
R,F,3785523,5337950526.46987,5071818532.9421,5274405503.04937,25.5259438574251,35994.0292140301,0.0499892785618975,148301
