CNTRYCODE,NUMCUST,TOTACCTBAL
20,91,666158.1
21,101,760953.55
22,106,759804.81
30,87,646748.02
